// Jest Snapshot v1, https://goo.gl/fbAQLP

exports[`app matches snapshot 1`] = `
<app-home>
  <mock:shadow-root>
    <div class="content">
      <mvjp-settings-ui></mvjp-settings-ui>
      <div class="work-panel">
        <mvjp-color-chooser></mvjp-color-chooser>
        <mvjp-paint-modus-switcher></mvjp-paint-modus-switcher>
      </div>
      <div class="paint-field">
        <mvjp-canvas-matrix></mvjp-canvas-matrix>
        <div class="tool-box">
          <mvjp-preview size="s"></mvjp-preview>
          <mvjp-preview-wall></mvjp-preview-wall>
          <mvjp-position-setting></mvjp-position-setting>
          <mvjp-cp-panel></mvjp-cp-panel>
        </div>
      </div>
      <div class="center">
        <mvjp-sprite-number-switcher></mvjp-sprite-number-switcher>
      </div>
      <div class="center">
        <mvjp-export-button></mvjp-export-button>
        <mvjp-modal>
          <mvjp-export-modal-content></mvjp-export-modal-content>
        </mvjp-modal>
      </div>
    </div>
  </mock:shadow-root>
</app-home>
`;
